ubuntu@ip-10-1-10-37:~$ mysql -h udacity-read-replica.cyirimdgheqc.us-east-2.rds.amazonaws.com -u admin -p
Enter password: 
Welcome to the MySQL monitor.  Commands end with ; or \g.
Your MySQL connection id is 50
Server version: 8.0.35 Source distribution

Copyright (c) 2000, 2024, Oracle and/or its affiliates.

Oracle is a registered trademark of Oracle Corporation and/or its
affiliates. Other names may be trademarks of their respective
owners.

Type 'help;' or '\h' for help. Type '\c' to clear the current input statement.

mysql> use udacity
Reading table information for completion of table and column names
You can turn off this feature to get a quicker startup with -A

Database changed
mysql> SELECT * FROM test;
+------+---------+
| id   | name    |
+------+---------+
|    1 | Udacity |
+------+---------+
1 row in set (0.00 sec)

mysql> INSERT INTO test VALUES (2, 'fail');
ERROR 1290 (HY000): The MySQL server is running with the --read-only option so it cannot execute this statement
mysql> INSERT INTO test VALUES (2, 'fail');
Query OK, 1 row affected (0.01 sec)

mysql> SELECT * FROM test;
+------+---------+
| id   | name    |
+------+---------+
|    1 | Udacity |
|    2 | fail    |
+------+---------+
2 rows in set (0.00 sec)

mysql> 